// Jest Snapshot v1, https://goo.gl/fbAQLP

exports[`[Home] Rendering renders without crashing 1`] = `
<View
  pointerEvents="box-none"
  style={
    Object {
      "flex": 1,
    }
  }
>
  <View
    collapsable={true}
    pointerEvents="box-none"
    style={
      Object {
        "flex": 1,
      }
    }
  >
    <View
      accessibilityIgnoresInvertColors={true}
      style={
        Array [
          Object {
            "backgroundColor": "#1B1B21",
            "flexDirection": "row",
            "height": "100%",
            "width": "100%",
          },
        ]
      }
    >
      <Image
        source={
          Object {
            "canInstrument": true,
            "createTransformer": [Function],
            "getCacheKey": [Function],
            "process": [Function],
          }
        }
        style={
          Array [
            Object {
              "bottom": 0,
              "left": 0,
              "position": "absolute",
              "right": 0,
              "top": 0,
            },
            Object {
              "height": undefined,
              "width": undefined,
            },
            Object {
              "opacity": 0.3,
            },
          ]
        }
      />
      <View
        style={
          Array [
            Object {
              "alignItems": "flex-start",
              "flexBasis": 0,
              "flexGrow": 1,
              "flexShrink": 1,
              "justifyContent": "center",
              "paddingLeft": 40,
            },
          ]
        }
      >
        <Text
          style={
            Array [
              Object {
                "color": "white",
                "fontSize": 32,
                "fontStyle": "normal",
                "fontWeight": "300",
                "lineHeight": 47,
              },
            ]
          }
        >
          Open market integrated solution system
for shopping mall managers
        </Text>
      </View>
      <View
        style={
          Array [
            Object {
              "alignItems": "flex-end",
              "flexBasis": 0,
              "flexGrow": 1,
              "flexShrink": 1,
              "justifyContent": "center",
              "paddingRight": 40,
            },
          ]
        }
      >
        <View
          style={
            Array [
              Object {
                "backgroundColor": "rgba(255, 255, 255, 0.1)",
                "borderColor": "rgba(255, 255, 255, 0.3)",
                "borderRadius": 6,
                "borderStyle": "solid",
                "borderWidth": 1,
                "paddingBottom": 50,
                "paddingLeft": 20,
                "paddingRight": 20,
                "paddingTop": 50,
                "width": 384,
              },
            ]
          }
        >
          <Text
            style={
              Array [
                Object {
                  "color": "white",
                  "fontSize": 36,
                  "fontWeight": "bold",
                  "marginBottom": 60,
                  "textAlign": "center",
                },
              ]
            }
          >
            Login
          </Text>
          <View
            style={
              Array [
                Object {
                  "alignSelf": "stretch",
                  "display": "flex",
                  "flexDirection": "column",
                },
                Object {
                  "backgroundColor": "rgba(255, 255, 255, 0.75)",
                  "height": 56,
                  "marginBottom": 10,
                },
              ]
            }
          >
            <Text
              style={
                Array [
                  Object {
                    "color": "#b9b9c4",
                    "fontSize": 14,
                    "fontWeight": "500",
                    "marginBottom": 5,
                  },
                  Object {
                    "fontSize": 14,
                    "fontWeight": "bold",
                    "lineHeight": 21,
                  },
                  null,
                ]
              }
            />
            <TextInput
              allowFontScaling={true}
              autoCapitalize="none"
              multiline={false}
              placeholder="Username"
              rejectResponderTermination={true}
              style={
                Array [
                  Object {
                    "fontSize": 15,
                    "fontWeight": "500",
                    "paddingBottom": 15,
                    "paddingTop": 15,
                  },
                  Object {
                    "alignItems": "center",
                    "fontSize": 16,
                    "lineHeight": 24,
                    "paddingLeft": 15,
                  },
                ]
              }
              testID="input-email"
              underlineColorAndroid="transparent"
              value=""
            />
            <View
              style={
                Array [
                  Object {
                    "alignItems": "center",
                    "flexDirection": "row",
                    "width": "100%",
                  },
                  undefined,
                  Object {
                    "borderBottomWidth": 0.6,
                    "borderColor": "#eaeaf9",
                  },
                  null,
                ]
              }
            />
          </View>
          <View
            style={
              Array [
                Object {
                  "alignSelf": "stretch",
                  "display": "flex",
                  "flexDirection": "column",
                },
                Object {
                  "backgroundColor": "rgba(255, 255, 255, 0.75)",
                  "height": 56,
                  "marginBottom": 22,
                },
              ]
            }
          >
            <Text
              style={
                Array [
                  Object {
                    "color": "#b9b9c4",
                    "fontSize": 14,
                    "fontWeight": "500",
                    "marginBottom": 5,
                  },
                  Object {
                    "fontSize": 14,
                    "fontWeight": "bold",
                    "lineHeight": 21,
                  },
                  null,
                ]
              }
            />
            <TextInput
              allowFontScaling={true}
              autoCapitalize="none"
              multiline={false}
              placeholder="Password"
              rejectResponderTermination={true}
              secureTextEntry={true}
              style={
                Array [
                  Object {
                    "fontSize": 15,
                    "fontWeight": "500",
                    "paddingBottom": 15,
                    "paddingTop": 15,
                  },
                  Object {
                    "alignItems": "center",
                    "fontSize": 16,
                    "lineHeight": 24,
                    "paddingLeft": 15,
                  },
                ]
              }
              testID="input-password"
              underlineColorAndroid="transparent"
              value=""
            />
            <View
              style={
                Array [
                  Object {
                    "alignItems": "center",
                    "flexDirection": "row",
                    "width": "100%",
                  },
                  undefined,
                  Object {
                    "borderBottomWidth": 0.6,
                    "borderColor": "#eaeaf9",
                  },
                  null,
                ]
              }
            />
          </View>
          <View
            style={
              Array [
                Object {
                  "alignItems": "center",
                  "flexDirection": "row",
                  "justifyContent": "space-between",
                  "marginBottom": 22,
                },
              ]
            }
          >
            <View
              activeOpacity={1}
              reverse={false}
              style={
                Array [
                  Object {
                    "alignItems": "center",
                    "flexDirection": "row",
                    "justifyContent": "flex-start",
                  },
                ]
              }
            >
              <View
                style={
                  Array [
                    Object {},
                  ]
                }
              >
                <View
                  checked={false}
                  color="#609FFF"
                  style={
                    Array [
                      Object {
                        "backgroundColor": "#ffffff",
                        "borderColor": "#bababa",
                        "borderRadius": 2,
                        "borderStyle": "solid",
                        "borderWidth": 1,
                        "height": 20,
                        "paddingBottom": 2,
                        "paddingLeft": 2,
                        "paddingRight": 2,
                        "paddingTop": 2,
                        "width": 20,
                      },
                    ]
                  }
                >
                  <Image
                    source={
                      Object {
                        "canInstrument": true,
                        "createTransformer": [Function],
                        "getCacheKey": [Function],
                        "process": [Function],
                      }
                    }
                    style={
                      Array [
                        Object {
                          "height": "100%",
                          "width": "100%",
                        },
                      ]
                    }
                  />
                </View>
              </View>
              <View
                style={
                  Array [
                    Object {
                      "paddingBottom": 5,
                      "paddingLeft": 5,
                      "paddingRight": 5,
                      "paddingTop": 5,
                    },
                  ]
                }
              >
                <Text
                  style={
                    Array [
                      Object {
                        "color": "white",
                        "fontSize": 14,
                        "fontStyle": "normal",
                        "fontWeight": "normal",
                        "lineHeight": 21,
                        "marginRight": 10,
                      },
                    ]
                  }
                >
                  Keep Login State
                </Text>
              </View>
            </View>
            <Text
              style={
                Array [
                  Object {
                    "color": "white",
                    "fontSize": 14,
                    "fontStyle": "normal",
                    "fontWeight": "normal",
                    "lineHeight": 21,
                    "textDecorationLine": "underline",
                  },
                ]
              }
            >
              Do you forget password?
            </Text>
          </View>
          <View
            delayPressIn={30}
            testID="login-btn"
          >
            <View
              style={
                Array [
                  Object {
                    "alignItems": "center",
                    "alignSelf": "center",
                    "borderColor": "blue",
                    "flexDirection": "row",
                    "height": 52,
                    "justifyContent": "center",
                    "width": 320,
                  },
                  Object {
                    "alignItems": "center",
                    "backgroundColor": "#609FFF",
                    "borderRadius": 6,
                    "height": 48,
                    "marginBottom": 20,
                    "width": 200,
                  },
                ]
              }
            >
              <Text
                style={
                  Array [
                    Object {
                      "color": "#069ccd",
                      "fontSize": 16,
                    },
                    Object {
                      "color": "white",
                      "fontSize": 14,
                      "fontWeight": "bold",
                      "letterSpacing": -0.5,
                      "lineHeight": 21,
                    },
                  ]
                }
              >
                Login
              </Text>
            </View>
          </View>
          <View
            style={
              Array [
                Object {
                  "alignItems": "center",
                  "flexDirection": "row",
                },
                Object {
                  "height": 21,
                },
              ]
            }
          >
            <View
              style={
                Array [
                  Object {
                    "flexBasis": 0,
                    "flexGrow": 1,
                    "flexShrink": 1,
                    "justifyContent": "center",
                  },
                ]
              }
            >
              <View
                style={
                  Array [
                    Object {
                      "backgroundColor": "#D1D1D1",
                      "height": 1,
                    },
                  ]
                }
              />
            </View>
            <Text
              style={
                Array [
                  Object {
                    "color": "#D1D1D1",
                    "paddingBottom": 5,
                    "paddingLeft": 5,
                    "paddingRight": 5,
                    "paddingTop": 5,
                  },
                ]
              }
            >
              or
            </Text>
            <View
              style={
                Array [
                  Object {
                    "flexBasis": 0,
                    "flexGrow": 1,
                    "flexShrink": 1,
                    "justifyContent": "center",
                  },
                ]
              }
            >
              <View
                style={
                  Array [
                    Object {
                      "backgroundColor": "#D1D1D1",
                      "height": 1,
                    },
                  ]
                }
              />
            </View>
          </View>
          <View
            style={
              Array [
                Object {
                  "alignItems": "center",
                  "flexDirection": "row",
                  "justifyContent": "space-between",
                  "marginBottom": 20,
                  "marginTop": 10,
                },
              ]
            }
          >
            <View
              delayPressIn={30}
              testID="login-btn"
            >
              <View
                style={
                  Array [
                    Object {
                      "alignItems": "center",
                      "alignSelf": "center",
                      "borderColor": "blue",
                      "flexDirection": "row",
                      "height": 52,
                      "justifyContent": "center",
                      "width": 320,
                    },
                    Object {
                      "backgroundColor": "#E04238",
                      "borderRadius": 6,
                      "height": 48,
                      "width": 162,
                    },
                  ]
                }
              >
                <SvgMock
                  fill="#fff"
                  height={20}
                  style={
                    Object {
                      "marginRight": 6,
                    }
                  }
                  width={20}
                />
                <Text
                  style={
                    Array [
                      Object {
                        "color": "#069ccd",
                        "fontSize": 16,
                      },
                      Object {
                        "color": "white",
                        "fontSize": 14,
                        "fontWeight": "bold",
                        "letterSpacing": -0.5,
                        "lineHeight": 21,
                      },
                    ]
                  }
                >
                  Google Login
                </Text>
              </View>
            </View>
            <View
              delayPressIn={30}
              testID="login-btn"
            >
              <View
                style={
                  Array [
                    Object {
                      "alignItems": "center",
                      "alignSelf": "center",
                      "borderColor": "blue",
                      "flexDirection": "row",
                      "height": 52,
                      "justifyContent": "center",
                      "width": 320,
                    },
                    Object {
                      "backgroundColor": "#345997",
                      "borderRadius": 6,
                      "height": 48,
                      "width": 162,
                    },
                  ]
                }
              >
                <SvgMock
                  fill="#fff"
                  height={20}
                  style={
                    Object {
                      "marginRight": 6,
                    }
                  }
                  width={20}
                />
                <Text
                  style={
                    Array [
                      Object {
                        "color": "#069ccd",
                        "fontSize": 16,
                      },
                      Object {
                        "color": "white",
                        "fontSize": 14,
                        "fontWeight": "bold",
                        "letterSpacing": -0.5,
                        "lineHeight": 21,
                      },
                    ]
                  }
                >
                  Facebook Login
                </Text>
              </View>
            </View>
          </View>
          <View
            style={
              Array [
                Object {
                  "flexDirection": "row",
                  "justifyContent": "center",
                },
              ]
            }
          >
            <Text
              style={
                Array [
                  Object {
                    "color": "white",
                    "fontSize": 14,
                    "fontStyle": "normal",
                    "fontWeight": "normal",
                    "lineHeight": 21,
                    "marginRight": 10,
                  },
                ]
              }
            >
              You don't have Prime's account yet?
            </Text>
            <Text
              style={
                Array [
                  Object {
                    "color": "#609FFF",
                    "fontWeight": "bold",
                    "textAlign": "right",
                    "textDecorationLine": "underline",
                  },
                ]
              }
            >
              Sign Up
            </Text>
          </View>
        </View>
      </View>
    </View>
  </View>
</View>
`;
